--■■■ 오라클 접속 및 구동 ■■■--

-- 실행창 호출(윈도우키+R) > [cmd] 입력 -> (명령프롬프트 상태...)

--○ 접속된 사용자 없이 단순히 SQL 프롬프트만 띄우도록 한 것
C:\>sqlplus/nolog
--==>>
/*
C:\>sqlplus/nolog

SQL*Plus: Release 11.2.0.2.0 Production on 금 9월 18 10:37:23 2020

Copyright (c) 1982, 2014, Oracle.  All rights reserved.
*/
-- [sqlplus] 는 SQL을 수행하기 위해 Oracle 에서 제공하고
-- 도구(툴, 유틸리티)이다.

--※ [C:\oraclexe\app\oracle\product\11.2.0\server\bin]
--   경로에 존재하는 [sqlplus.exe]
--   이미 이 경로가 환경변수 path 에 등록되어 있으므로
--   [C:\sqlplus] 와 같이 명령어 사용이 가능한 상태인 것이다. 

SQL> ipconfig
--==>> SP2-0042: unknown command "ipconfig" - rest of line ignored.

SQL> dir
--==>> SP2-0042: unknown command "dir" - rest of line ignored.

-- ※ 일반적인 도스 명령어(윈도우 명령어)를 수행할 수 없다.
--    (즉, 수행할 수 있는 상태나 환경이 아니다.)

SQL> show user
--==>> USER is ""
-- 현재 접속한 사용자 계정을 조회하는 구문

--○ 첫 번째 관리자 계정인 [sys]로 연결해 본다.
C:\>sqlplus sys/java006$! as sysdba
--==>>
/*
SQL*Plus: Release 11.2.0.2.0 Production on 금 9월 18 11:38:11 2020
Copyright (c) 1982, 2014, Oracle.  All rights reserved.
Connected to:
Oracle Database 11g Express Edition Release 11.2.0.2.0 - 64bit Production
*/

SQL> connect sys/java006$! as sysdba
--==>>Connected.

--○ 접속한 사용자 조회
SQL> show user
--==>> USER is "SYS"


--○ 오라클 서버 인스턴스의 상태 조회(사용가능상태 여부 확인)
(질의 자체가 조회와 같은 의미이다. 확인하고 싶은 항목만)
--   전원의 on/off 여부 등 일반적으로 접속의 가능 여부를
--   확인할 때 사용하는 명령
SQL> select status from v$instance;
--==>>
/*
STATUS
------------------------
OPEN
*/
--> 오라클 서버가 정상적으로 startup 되었음을 의미.

--○ 두 번째로... 일반 사용자 계정인 [hr] 로 연결 시도
SQL> connect hr/lion
--==>>
/*
ERROR:
ORA-28000: the account is locked
Warning: You are no longer connected to ORACLE.
*/
--> 일반 사용자 계정인 [hr]은 잠겨있는 상태이므로
--  오라클 서버 접속이 불가능한 상태

--○ sys 로 연결
-- hr 사용자 계정의 잠금을 해제하기 위해 관리자 계정으로 연결
SQL> connect sys/java006$! as sysdba
--==>> Connected.

--○ 접속된 사용자 계정 확인
SQL> show user
USER is "SYS"

--○ 오라클 사용자 계정들의 상태 조회(확인) -> sys 로 접속한 상태에서...
SQL> set linesize 500
SQL> select username, account_status from dba_users;
--==>>
/*
USERNAME                     ACCOUNT_STATUS
---------------------------- --------------------------
SYS                          OPEN             // 열려있음
SYSTEM                       OPEN
ANONYMOUS                    OPEN
APEX_PUBLIC_USER             LOCKED           // 잠겨있음
FLOWS_FILES                  LOCKED
APEX_040000                  LOCKED
OUTLN                        EXPIRED & LOCKED // 만료되고 잠겨있음
DIP                          EXPIRED & LOCKED
ORACLE_OCM                   EXPIRED & LOCKED
XS$NULL                      EXPIRED & LOCKED
MDSYS                        EXPIRED & LOCKED
CTXSYS                       EXPIRED & LOCKED
DBSNMP                       EXPIRED & LOCKED
XDB                          EXPIRED & LOCKED
APPQOSSYS                    EXPIRED & LOCKED
HR                           EXPIRED & LOCKED

16 rows selected.
*/

--○ 계정 잠금 / 해제 (현재 sys 로 연결된 상태...)
SQL> alter user hr account unlock;
--==>> User altered.

//(alter => 모델, 구조의 변경.. update => 값의 변경)
//해석 : 사용자의 계정 hr을 unlock으로 구조를 변경하라


--○ 잠금 해제된 hr 사용자 계정으로 오라클 접속 시도
SQL> conn hr/lion
--==>>
/*
ERROR:
ORA-01017: invalid username/password; logon denied
Warning: You are no longer connected to ORACLE.
*/
--> 사용자 계정 및 패스워드가 잘못되었기 때문에 로그온이 거부된 상황

--○ 계정 정보 변경(패스워드 설정 변경) -> sys 로 접속...
SQL> conn sys/java006$! as sysdba
--==>> Connected.

--○ 접속된 사용자 계정 확인
SQL> show user
--==>> USER is "SYS"

--○ hr 사용자의 패스워드 변경
SQL> alter user hr identified by lion;
--==>> User altered.
--> hr 사용자 계정의 패스워드를 lion 으로 설정하겠다.

--○ hr 사용자 계정을 활용하여 접속 시도
SQL> conn hr/lion
--==>> Connected.

SQL> show user
--==>> USER is "HR"


--○ hr 계정으로 접속한 상태에서
--   현재 오라클 서버에 존재하는 사용자 계정 상태에 대한 정보 조회
SQL> select username, account_status from dba_users;
--==>>
/*
select username, account_status from dba_users
                                     *
ERROR at line 1:
ORA-00942: table or view does not exist
*/
--> hr 이라는 일반 사용자 계정을 통해서는
--  dba_users 의 조회가 불가능한 상황임을 확인

--○ host 명령어
--   도스 명령 처계로 전환하거나
--   라인 단위에서 도스 명령어 입력이 가능하다.
--   유닉스 계열에서는 [host] 명령어 뿐 아니라 [!]도 사용이 가능하다.
--   하지만, 윈도우 계열에서는 [host] 명령어만 사용이 가능하다.
--   host 상태에서 빠져나갈 경우 [exit] 명령어를 입력한다.

--※ Administrator(우리각자의 윈도우 사용자 계정)가
--   ORA_DBA(-> 오라클 최고 관리자 그룹 권한)에 포함되어 있을 경우
--   취약한 보안 정책으로 인해
--   실무에서는 정말 특별한 경우가 아니고서는 이를 제외시키고 사용해야 한다.
--==>> ORA_DBA 사용자 그룹에서 윈도우 관리자 계정 제거~!!!

--※ 제거 이후...
--   sys 의 계정 및 패스워드가 일치하지 않으면
--   오라클 서버에 접속할 수 없는 상태가 된다.


--○ hr 사용자 계정에 sysdba 권한(=롤, role(이건 권한을 묶어놓은 개념)) 부여하기 -> sys 가 ...

-- sys로 접속
C:\>sqlplus sys/java006$! as sysdba
--==>>
/*
SQL*Plus: Release 11.2.0.2.0 Production on 금 9월 18 17:24:25 2020
Copyright (c) 1982, 2014, Oracle.  All rights reserved.
Connected to:
Oracle Database 11g Express Edition Release 11.2.0.2.0 - 64bit Production
*/

--접속한 사용자 확인
SQL> show user
--==>> USER is "SYS"


--○ 권한 부여
SQL> grant sysdba to hr;
--==>>Grant succeeded.


--○ 권한 부여 이후 hr 계정으로 접속해서 확인 -> as sysdba 로 연결
SQL> conn hr/lion as sysdba
--==>>Connected.


--○ 접속한 사용자 계정 확인
SQL> show user
--==>> USER is "SYS"


--○ sysdba 권한을 부여받기 이전에는 불가능했던
--   현재 오라클 서버에 존재하는 사용자 계정의 상태 정보 조회
--   (현재 sysdba 권한을 부여받은 hr 계정으로 접속한 상태...)
SQL> select username, account_status from dba_users;
-->> 정상적인 조회가 가능한 상황임을 확인~!!!


--○ hr 사용자 계정에 부여한 sysdba 권한 회수(박탈) -> sys 가...

--sys로 접속
SQL> conn sys/java006$! as sysdba
--==>>Connected.

--사용자 확인
SQL> show user
--==>>USER is "SYS"

--권한 회수
SQL> revoke sysdba from hr;
--==>> Revoke succeeded.

--○ 권한을 박탈당한 hr 계정으로 as sysdba 접속 시도
SQL> conn hr/lion as sysdba
--==>>
/*
ERROR:
ORA-01031: insufficient privileges
Warning: You are no longer connected to ORACLE.
*/
--> 권한 박탈 후 hr 은 [as sysdba]로 접속이 불가능한 상태임을 확인~!!!

--※ 오라클 서버 구동 / 중지
--            startup / shutdown [immediate]

--○ 일반 사용자 계정 hr 로 오라클 서버 중지 명령 시도

-- hr 사용자 계정으로 접속
C:\>sqlplus hr/lion
--==>>
/*
SQL*Plus: Release 11.2.0.2.0 Production on 월 9월 21 09:19:22 2020
Copyright (c) 1982, 2014, Oracle.  All rights reserved.
Connected to:
Oracle Database 11g Express Edition Release 11.2.0.2.0 - 64bit Production
*/

-- 접속된 사용자 확인
SQL> show user
--==>> USER is "HR"

-- 오라클 서버 중지 명령
SQL> shutdown
--==>>ORA-01031: insufficient privileges
--               (권한 불충분 에러)
--> 일반 사용자 계정으로는 오라클 서버 구동을 중지시킬 수 없다.


--○ sys 로 접속하여 오라클 서버 중지 명령 시도

-- sys 로 접속
SQL> conn sys/java006$! as sysdba
--==>> Connected.

-- 접속된 사용자 확인
SQL> show user
--==>> USER is "SYS"

-- 오라클 서버 구동 중지 명령
SQL> shutdown
--==>>
/*
Database closed.		-- 데이터베이스 닫힘
Database dismounted.		-- 데이터베이스 마운트 해제
ORACLE instance shut down. 	-- 오라클 인스턴스 셧다운
*/


--※ 오라클 서버를 시작(startup) / 중지(shutdown)하는 명령은
--   [as sysdba] 또는 [as sysoper] 로 연결했을 때만 가능하다.


--○ hr 사용자 계정에 [sysoper] 권한 부여하기 -> sys 로...
C:\>sqlplus sys/java006$! as sysdba
--==>>
/*
SQL*Plus: Release 11.2.0.2.0 Production on 월 9월 21 09:30:05 2020
Copyright (c) 1982, 2014, Oracle.  All rights reserved.
Connected to an idle instance.
*/
--> 현재 오라클 서버가 구동 중지 상태이기 때문에
--  휴지 인스턴스 상태가 보여지는 상황

-- 오라클 서버 구동 명령
SQL> startup
--==>>
/*
ORACLE instance started				-- 오라클 인스턴스 시작		
Total System Global Area 1068937216 bytes
Fixed Size                  2260048 bytes
Variable Size             616563632 bytes
Database Buffers          444596224 bytes
Redo Buffers                5517312 bytes
Database mouted.				-- 데이터베이스 마운트
Database opened.				-- 데이터베이스 열림
*/


-- hr 사용자 계정에 권한 부여(sysoper)
SQL> grant sysoper to hr;
--==>> Grant succeeded.


--○ sysoper의 권한을 가진 hr 계정으로 오라클 서버 구동 중지 명령

-- hr 로 연결(sysoper 로써 연결)
SQL> conn hr/lion as sysoper
--==>> Connected.

-- 접속된 사용자 확인
SQL> show user
--==>> USER is "PUBLIC"

-- 오라클 서버 구동 중지
SQL> shutdown
--==>>
/*
Database closed.
Database dismounted.
ORACLE instance shut down.
*/


--○ sysoper의 권한을 가진 hr 계정으로 오라클 서버 구동 명령 시도
SQL> startup
/*
ORACLE instance started				
Database mouted.		
Database opened.
*/


--○ shutdown을 아주 신속하고 빠르게 닫기 위한 immediate 옵션
SQL> shutdown immediate
--==>>
/*
Database closed.
Database dismounted.
ORACLE instance shut down.
*/

SQL> startup
--==>>
/*
ORACLE instance started				
Database mouted.		
Database opened.
*/


--○ sysoper의 권한을 가진 hr 계정으로
--   현재 오라클 서버에 존재하고 있는 사용자 계정 정보 상태 조회
SQL> select username, account_status from dba_users;
--==>>
/*
select username, account_status from dba_users                                   *
ERROR at line 1:
ORA-00942: table or view does not exist
*/
--> sysoper 에게는 dba_users 에 대한 조회 권한이 없다.


----------------------------------------------------------------------

--■■■ 오라클 서버 연결 모드의 3가지 방법 ■■■--

-- 1. as sysdba
--> as sysdba 로 연결하면 오라클 서버의 관리자로 연결되는 것이다.
-- user 명은 sys 로 확인된다.
-- 오라클 서버 관리자로 연결되는 것이기 때문에 
-- 오라클에서 제공하는 모든 기능을 전부 활용할 수 있다.
-- 오라클 서버가 startup 또는 shutdown 되어도 연결이 가능하다.
-- -> 일반적인 연결은 [conn 계정/패스워드 as sysdba] 형태로 연결하게 된다.

-- 2. as sysoper
--> as sysoper 로 연결하면 오라클 서버의 운영자로 연결되는 것이다.
--  user 명은 public 으로 확인된다.
--  사용자 계정 정보 테이블에 접근하는 것은 불가능하다.
--  오라클 서버의 구동 및 중지 명령 수행이 가능하다.
--  오라클 서버가 startup 또는 shutdown 되어도 연결이 가능하다.
--  -> 일반적인 연결은 [conn 계정/패스워드 as sysoper] 형태로 연결하게 된다.

-- 3. normal
--> 오라클 서버에 존재하는 일반적인 사용자로 연결되는 것이다.
--  오라클 서버가 구동중인 상태에서만 연결이 가능하고
--  오라클 서버가 구동 중지 상태일 경우 연결이 불가능하다.
--  관리자가 부여해준 권한(또는 롤)을 통해서면 사용 가능하다.
--  -> 일반적인 연결은 [conn 계정/패스워드] 형태로 연결하게 된다.


--  








